2026-06-13 12:18:29 INFO  com.web.project.ProjectApplication - Starting ProjectApplication using Java 23.0.1 with PID 22120 (C:\Users\Emrah\Desktop\Java kids\javakids4\spring\project-web\target\classes started by Emrah in C:\Users\Emrah\Desktop\Java kids\javakids4\spring\project-web)
2026-06-13 12:18:29 INFO  com.web.project.ProjectApplication - No active profile set, falling back to 1 default profile: "default"
2026-06-13 12:18:30 INFO  o.s.b.d.e.DevToolsPropertyDefaultsPostProcessor - Devtools property defaults active! Set 'spring.devtools.add-properties' to 'false' to disable
2026-06-13 12:18:30 INFO  o.s.b.d.e.DevToolsPropertyDefaultsPostProcessor - For additional web related logging consider setting the 'logging.level.web' property to 'DEBUG'
2026-06-13 12:18:35 INFO  o.s.boot.tomcat.TomcatWebServer - Tomcat initialized with port 8080 (http)
2026-06-13 12:18:35 INFO  o.a.coyote.http11.Http11NioProtocol - Initializing ProtocolHandler ["http-nio-8080"]
2026-06-13 12:18:35 INFO  o.a.catalina.core.StandardService - Starting service [Tomcat]
2026-06-13 12:18:35 INFO  o.a.catalina.core.StandardEngine - Starting Servlet engine: [Apache Tomcat/11.0.21]
2026-06-13 12:18:35 INFO  o.s.b.w.c.s.WebApplicationContextInitializer - Root WebApplicationContext: initialization completed in 5368 ms
2026-06-13 12:18:37 INFO  o.a.coyote.http11.Http11NioProtocol - Starting ProtocolHandler ["http-nio-8080"]
2026-06-13 12:18:37 INFO  o.s.boot.tomcat.TomcatWebServer - Tomcat started on port 8080 (http) with context path '/'
2026-06-13 12:18:37 INFO  com.web.project.ProjectApplication - Started ProjectApplication in 10.848 seconds (process running for 13.454)
2026-06-13 12:18:38 INFO  o.a.c.c.C.[Tomcat].[localhost].[/] - Initializing Spring DispatcherServlet 'dispatcherServlet'
2026-06-13 12:18:38 INFO  o.s.web.servlet.DispatcherServlet - Initializing Servlet 'dispatcherServlet'
2026-06-13 12:18:38 INFO  o.s.web.servlet.DispatcherServlet - Completed initialization in 4 ms
2026-06-13 12:19:12 INFO  o.s.boot.tomcat.GracefulShutdown - Commencing graceful shutdown. Waiting for active requests to complete
2026-06-13 12:19:12 INFO  o.s.boot.tomcat.GracefulShutdown - Graceful shutdown complete
2026-06-13 12:19:22 INFO  com.web.project.ProjectApplication - Starting ProjectApplication using Java 23.0.1 with PID 15800 (C:\Users\Emrah\Desktop\Java kids\javakids4\spring\project-web\target\classes started by Emrah in C:\Users\Emrah\Desktop\Java kids\javakids4\spring\project-web)
2026-06-13 12:19:22 INFO  com.web.project.ProjectApplication - No active profile set, falling back to 1 default profile: "default"
2026-06-13 12:19:23 INFO  o.s.b.d.e.DevToolsPropertyDefaultsPostProcessor - Devtools property defaults active! Set 'spring.devtools.add-properties' to 'false' to disable
2026-06-13 12:19:23 INFO  o.s.b.d.e.DevToolsPropertyDefaultsPostProcessor - For additional web related logging consider setting the 'logging.level.web' property to 'DEBUG'
2026-06-13 12:19:25 INFO  o.s.boot.tomcat.TomcatWebServer - Tomcat initialized with port 8080 (http)
2026-06-13 12:19:25 INFO  o.a.coyote.http11.Http11NioProtocol - Initializing ProtocolHandler ["http-nio-8080"]
2026-06-13 12:19:25 INFO  o.a.catalina.core.StandardService - Starting service [Tomcat]
2026-06-13 12:19:25 INFO  o.a.catalina.core.StandardEngine - Starting Servlet engine: [Apache Tomcat/11.0.21]
2026-06-13 12:19:25 INFO  o.s.b.w.c.s.WebApplicationContextInitializer - Root WebApplicationContext: initialization completed in 2586 ms
2026-06-13 12:19:27 INFO  o.a.coyote.http11.Http11NioProtocol - Starting ProtocolHandler ["http-nio-8080"]
2026-06-13 12:19:27 INFO  o.s.boot.tomcat.TomcatWebServer - Tomcat started on port 8080 (http) with context path '/'
2026-06-13 12:19:27 INFO  com.web.project.ProjectApplication - Started ProjectApplication in 6.056 seconds (process running for 7.504)
2026-06-13 12:19:31 INFO  o.a.c.c.C.[Tomcat].[localhost].[/] - Initializing Spring DispatcherServlet 'dispatcherServlet'
2026-06-13 12:19:31 INFO  o.s.web.servlet.DispatcherServlet - Initializing Servlet 'dispatcherServlet'
2026-06-13 12:19:31 INFO  o.s.web.servlet.DispatcherServlet - Completed initialization in 2 ms
2026-06-13 12:21:21 INFO  o.s.boot.tomcat.GracefulShutdown - Commencing graceful shutdown. Waiting for active requests to complete
2026-06-13 12:21:21 INFO  o.s.boot.tomcat.GracefulShutdown - Graceful shutdown complete
2026-06-13 12:21:33 INFO  com.web.project.ProjectApplication - Starting ProjectApplication using Java 23.0.1 with PID 21664 (C:\Users\Emrah\Desktop\Java kids\javakids4\spring\project-web\target\classes started by Emrah in C:\Users\Emrah\Desktop\Java kids\javakids4\spring\project-web)
2026-06-13 12:21:33 INFO  com.web.project.ProjectApplication - No active profile set, falling back to 1 default profile: "default"
2026-06-13 12:21:33 INFO  o.s.b.d.e.DevToolsPropertyDefaultsPostProcessor - Devtools property defaults active! Set 'spring.devtools.add-properties' to 'false' to disable
2026-06-13 12:21:33 INFO  o.s.b.d.e.DevToolsPropertyDefaultsPostProcessor - For additional web related logging consider setting the 'logging.level.web' property to 'DEBUG'
2026-06-13 12:21:37 INFO  o.s.boot.tomcat.TomcatWebServer - Tomcat initialized with port 8080 (http)
2026-06-13 12:21:37 INFO  o.a.coyote.http11.Http11NioProtocol - Initializing ProtocolHandler ["http-nio-8080"]
2026-06-13 12:21:37 INFO  o.a.catalina.core.StandardService - Starting service [Tomcat]
2026-06-13 12:21:37 INFO  o.a.catalina.core.StandardEngine - Starting Servlet engine: [Apache Tomcat/11.0.21]
2026-06-13 12:21:37 INFO  o.s.b.w.c.s.WebApplicationContextInitializer - Root WebApplicationContext: initialization completed in 4070 ms
2026-06-13 12:21:39 INFO  o.a.coyote.http11.Http11NioProtocol - Starting ProtocolHandler ["http-nio-8080"]
2026-06-13 12:21:39 INFO  o.s.boot.tomcat.TomcatWebServer - Tomcat started on port 8080 (http) with context path '/'
2026-06-13 12:21:39 INFO  com.web.project.ProjectApplication - Started ProjectApplication in 8.703 seconds (process running for 10.861)
2026-06-13 12:21:39 INFO  o.a.c.c.C.[Tomcat].[localhost].[/] - Initializing Spring DispatcherServlet 'dispatcherServlet'
2026-06-13 12:21:39 INFO  o.s.web.servlet.DispatcherServlet - Initializing Servlet 'dispatcherServlet'
2026-06-13 12:21:39 INFO  o.s.web.servlet.DispatcherServlet - Completed initialization in 2 ms
2026-06-13 12:23:48 INFO  o.s.b.d.a.LocalDevToolsAutoConfiguration$RestartingClassPathChangeChangedEventListener - Restarting due to 1 class path change (0 additions, 1 deletion, 0 modifications)
2026-06-13 12:23:48 INFO  o.s.boot.tomcat.GracefulShutdown - Commencing graceful shutdown. Waiting for active requests to complete
2026-06-13 12:23:48 INFO  o.a.coyote.http11.Http11NioProtocol - Pausing ProtocolHandler ["http-nio-8080"]
2026-06-13 12:23:48 INFO  o.s.boot.tomcat.GracefulShutdown - Graceful shutdown complete
2026-06-13 12:23:48 INFO  o.a.coyote.http11.Http11NioProtocol - Stopping ProtocolHandler ["http-nio-8080"]
2026-06-13 12:23:48 INFO  com.web.project.ProjectApplication - Starting ProjectApplication using Java 23.0.1 with PID 21664 (C:\Users\Emrah\Desktop\Java kids\javakids4\spring\project-web\target\classes started by Emrah in C:\Users\Emrah\Desktop\Java kids\javakids4\spring\project-web)
2026-06-13 12:23:48 INFO  com.web.project.ProjectApplication - No active profile set, falling back to 1 default profile: "default"
2026-06-13 12:23:49 INFO  o.s.boot.tomcat.TomcatWebServer - Tomcat initialized with port 8080 (http)
2026-06-13 12:23:49 INFO  o.a.coyote.http11.Http11NioProtocol - Initializing ProtocolHandler ["http-nio-8080"]
2026-06-13 12:23:49 INFO  o.a.catalina.core.StandardService - Starting service [Tomcat]
2026-06-13 12:23:49 INFO  o.a.catalina.core.StandardEngine - Starting Servlet engine: [Apache Tomcat/11.0.21]
2026-06-13 12:23:49 INFO  o.s.b.w.c.s.WebApplicationContextInitializer - Root WebApplicationContext: initialization completed in 822 ms
2026-06-13 12:23:49 INFO  o.a.coyote.http11.Http11NioProtocol - Starting ProtocolHandler ["http-nio-8080"]
2026-06-13 12:23:49 INFO  o.s.boot.tomcat.TomcatWebServer - Tomcat started on port 8080 (http) with context path '/'
2026-06-13 12:23:49 INFO  com.web.project.ProjectApplication - Started ProjectApplication in 1.572 seconds (process running for 141.133)
2026-06-13 12:23:49 INFO  o.s.b.d.a.ConditionEvaluationDeltaLoggingListener - Condition evaluation unchanged
2026-06-13 12:23:51 INFO  o.a.c.c.C.[Tomcat].[localhost].[/] - Initializing Spring DispatcherServlet 'dispatcherServlet'
2026-06-13 12:23:51 INFO  o.s.web.servlet.DispatcherServlet - Initializing Servlet 'dispatcherServlet'
2026-06-13 12:23:51 INFO  o.s.web.servlet.DispatcherServlet - Completed initialization in 1 ms
2026-06-13 12:23:54 INFO  o.s.b.d.a.LocalDevToolsAutoConfiguration$RestartingClassPathChangeChangedEventListener - Restarting due to 1 class path change (1 addition, 0 deletions, 0 modifications)
2026-06-13 12:23:54 INFO  o.s.boot.tomcat.GracefulShutdown - Commencing graceful shutdown. Waiting for active requests to complete
2026-06-13 12:23:54 INFO  o.a.coyote.http11.Http11NioProtocol - Pausing ProtocolHandler ["http-nio-8080"]
2026-06-13 12:23:54 INFO  o.s.boot.tomcat.GracefulShutdown - Graceful shutdown complete
2026-06-13 12:23:54 INFO  o.a.coyote.http11.Http11NioProtocol - Stopping ProtocolHandler ["http-nio-8080"]
2026-06-13 12:23:54 INFO  com.web.project.ProjectApplication - Starting ProjectApplication using Java 23.0.1 with PID 21664 (C:\Users\Emrah\Desktop\Java kids\javakids4\spring\project-web\target\classes started by Emrah in C:\Users\Emrah\Desktop\Java kids\javakids4\spring\project-web)
2026-06-13 12:23:54 INFO  com.web.project.ProjectApplication - No active profile set, falling back to 1 default profile: "default"
2026-06-13 12:23:55 INFO  o.s.boot.tomcat.TomcatWebServer - Tomcat initialized with port 8080 (http)
2026-06-13 12:23:55 INFO  o.a.coyote.http11.Http11NioProtocol - Initializing ProtocolHandler ["http-nio-8080"]
2026-06-13 12:23:55 INFO  o.a.catalina.core.StandardService - Starting service [Tomcat]
2026-06-13 12:23:55 INFO  o.a.catalina.core.StandardEngine - Starting Servlet engine: [Apache Tomcat/11.0.21]
2026-06-13 12:23:55 INFO  o.s.b.w.c.s.WebApplicationContextInitializer - Root WebApplicationContext: initialization completed in 895 ms
2026-06-13 12:23:55 INFO  o.a.coyote.http11.Http11NioProtocol - Starting ProtocolHandler ["http-nio-8080"]
2026-06-13 12:23:55 INFO  o.s.boot.tomcat.TomcatWebServer - Tomcat started on port 8080 (http) with context path '/'
2026-06-13 12:23:55 INFO  com.web.project.ProjectApplication - Started ProjectApplication in 1.609 seconds (process running for 147.353)
2026-06-13 12:23:55 INFO  o.s.b.d.a.ConditionEvaluationDeltaLoggingListener - Condition evaluation unchanged
2026-06-13 12:23:56 INFO  o.a.c.c.C.[Tomcat].[localhost].[/] - Initializing Spring DispatcherServlet 'dispatcherServlet'
2026-06-13 12:23:56 INFO  o.s.web.servlet.DispatcherServlet - Initializing Servlet 'dispatcherServlet'
2026-06-13 12:23:56 INFO  o.s.web.servlet.DispatcherServlet - Completed initialization in 1 ms
2026-06-13 12:26:23 INFO  o.s.boot.tomcat.GracefulShutdown - Commencing graceful shutdown. Waiting for active requests to complete
2026-06-13 12:26:23 INFO  o.s.boot.tomcat.GracefulShutdown - Graceful shutdown complete
