2026-09-28T22:02:20.110+04:00  INFO 4000 --- [book] [main] com.library.book.BookApplication         : Starting BookApplication using Java 23.0.1 with PID 4000 (C:\Users\Emrah\Desktop\Java kids\javakids4\spring\bookLibrary\bookJava4\target\classes started by Emrah in C:\Users\Emrah\Desktop\Java kids\javakids4\spring\bookLibrary\bookJava4)
2026-09-28T22:02:20.143+04:00  INFO 4000 --- [book] [main] com.library.book.BookApplication         : The following 1 profile is active: "production"
2026-09-28T22:02:24.418+04:00  WARN 4000 --- [book] [main] ConfigServletWebServerApplicationContext : Exception encountered during context initialization - cancelling refresh attempt: org.springframework.beans.factory.support.BeanDefinitionOverrideException: Invalid bean definition with name 'configProd' defined in class path resource [com/library/book/config/ConfigProd.class]: Cannot register bean definition [Root bean: class=null; scope=; abstract=false; lazyInit=null; autowireMode=3; dependencyCheck=0; autowireCandidate=true; primary=false; fallback=false; factoryBeanName=configProd; factoryMethodName=configProd; initMethodNames=null; destroyMethodNames=[(inferred)]; defined in class path resource [com/library/book/config/ConfigProd.class]] for bean 'configProd' since there is already [Generic bean: class=com.library.book.config.ConfigProd; scope=singleton; abstract=false; lazyInit=null; autowireMode=0; dependencyCheck=0; autowireCandidate=true; primary=false; fallback=false; factoryBeanName=null; factoryMethodName=null; initMethodNames=null; destroyMethodNames=null; defined in file [C:\Users\Emrah\Desktop\Java kids\javakids4\spring\bookLibrary\bookJava4\target\classes\com\library\book\config\ConfigProd.class]] bound.
2026-09-28T22:02:24.443+04:00  INFO 4000 --- [book] [main] .s.b.a.l.ConditionEvaluationReportLogger : 

Error starting ApplicationContext. To display the condition evaluation report re-run your application with 'debug' enabled.
2026-09-28T22:02:24.539+04:00 ERROR 4000 --- [book] [main] o.s.b.d.LoggingFailureAnalysisReporter   : 

***************************
APPLICATION FAILED TO START
***************************

Description:

The bean 'configProd', defined in class path resource [com/library/book/config/ConfigProd.class], could not be registered. A bean with that name has already been defined in file [C:\Users\Emrah\Desktop\Java kids\javakids4\spring\bookLibrary\bookJava4\target\classes\com\library\book\config\ConfigProd.class] and overriding is disabled.

Action:

Consider renaming one of the beans or enabling overriding by setting spring.main.allow-bean-definition-overriding=true

2026-09-28T22:02:51.391+04:00  INFO 26928 --- [book] [main] com.library.book.BookApplication         : Starting BookApplication using Java 23.0.1 with PID 26928 (C:\Users\Emrah\Desktop\Java kids\javakids4\spring\bookLibrary\bookJava4\target\classes started by Emrah in C:\Users\Emrah\Desktop\Java kids\javakids4\spring\bookLibrary\bookJava4)
2026-09-28T22:02:51.398+04:00  INFO 26928 --- [book] [main] com.library.book.BookApplication         : The following 1 profile is active: "production"
2026-09-28T22:02:54.813+04:00  WARN 26928 --- [book] [main] ConfigServletWebServerApplicationContext : Exception encountered during context initialization - cancelling refresh attempt: org.springframework.beans.factory.support.BeanDefinitionOverrideException: Invalid bean definition with name 'configProd' defined in class path resource [com/library/book/config/ConfigProd.class]: Cannot register bean definition [Root bean: class=null; scope=; abstract=false; lazyInit=null; autowireMode=3; dependencyCheck=0; autowireCandidate=true; primary=false; fallback=false; factoryBeanName=configProd; factoryMethodName=configProd; initMethodNames=null; destroyMethodNames=[(inferred)]; defined in class path resource [com/library/book/config/ConfigProd.class]] for bean 'configProd' since there is already [Generic bean: class=com.library.book.config.ConfigProd; scope=singleton; abstract=false; lazyInit=null; autowireMode=0; dependencyCheck=0; autowireCandidate=true; primary=false; fallback=false; factoryBeanName=null; factoryMethodName=null; initMethodNames=null; destroyMethodNames=null; defined in file [C:\Users\Emrah\Desktop\Java kids\javakids4\spring\bookLibrary\bookJava4\target\classes\com\library\book\config\ConfigProd.class]] bound.
2026-09-28T22:02:54.837+04:00  INFO 26928 --- [book] [main] .s.b.a.l.ConditionEvaluationReportLogger : 

Error starting ApplicationContext. To display the condition evaluation report re-run your application with 'debug' enabled.
2026-09-28T22:02:55.012+04:00 ERROR 26928 --- [book] [main] o.s.b.d.LoggingFailureAnalysisReporter   : 

***************************
APPLICATION FAILED TO START
***************************

Description:

The bean 'configProd', defined in class path resource [com/library/book/config/ConfigProd.class], could not be registered. A bean with that name has already been defined in file [C:\Users\Emrah\Desktop\Java kids\javakids4\spring\bookLibrary\bookJava4\target\classes\com\library\book\config\ConfigProd.class] and overriding is disabled.

Action:

Consider renaming one of the beans or enabling overriding by setting spring.main.allow-bean-definition-overriding=true

2026-09-28T22:04:57.884+04:00  INFO 20580 --- [book] [main] com.library.book.BookApplication         : Starting BookApplication using Java 23.0.1 with PID 20580 (C:\Users\Emrah\Desktop\Java kids\javakids4\spring\bookLibrary\bookJava4\target\classes started by Emrah in C:\Users\Emrah\Desktop\Java kids\javakids4\spring\bookLibrary\bookJava4)
2026-09-28T22:04:57.890+04:00  INFO 20580 --- [book] [main] com.library.book.BookApplication         : The following 1 profile is active: "production"
2026-09-28T22:05:00.351+04:00  INFO 20580 --- [book] [main] .s.d.r.c.RepositoryConfigurationDelegate : Bootstrapping Spring Data JPA repositories in DEFAULT mode.
2026-09-28T22:05:00.486+04:00  INFO 20580 --- [book] [main] .s.d.r.c.RepositoryConfigurationDelegate : Finished Spring Data repository scanning in 117 ms. Found 4 JPA repository interfaces.
2026-09-28T22:05:02.484+04:00  INFO 20580 --- [book] [main] o.s.b.w.embedded.tomcat.TomcatWebServer  : Tomcat initialized with port 8080 (http)
2026-09-28T22:05:02.547+04:00  INFO 20580 --- [book] [main] o.apache.catalina.core.StandardService   : Starting service [Tomcat]
2026-09-28T22:05:02.549+04:00  INFO 20580 --- [book] [main] o.apache.catalina.core.StandardEngine    : Starting Servlet engine: [Apache Tomcat/10.1.43]
2026-09-28T22:05:02.701+04:00  INFO 20580 --- [book] [main] o.a.c.c.C.[Tomcat].[localhost].[/]       : Initializing Spring embedded WebApplicationContext
2026-09-28T22:05:02.702+04:00  INFO 20580 --- [book] [main] w.s.c.ServletWebServerApplicationContext : Root WebApplicationContext: initialization completed in 4579 ms
2026-09-28T22:05:03.356+04:00  INFO 20580 --- [book] [main] o.hibernate.jpa.internal.util.LogHelper  : HHH000204: Processing PersistenceUnitInfo [name: default]
2026-09-28T22:05:03.579+04:00  INFO 20580 --- [book] [main] org.hibernate.Version                    : HHH000412: Hibernate ORM core version 6.6.22.Final
2026-09-28T22:05:03.715+04:00  INFO 20580 --- [book] [main] o.h.c.internal.RegionFactoryInitiator    : HHH000026: Second-level cache disabled
2026-09-28T22:05:04.556+04:00  INFO 20580 --- [book] [main] o.s.o.j.p.SpringPersistenceUnitInfo      : No LoadTimeWeaver setup: ignoring JPA class transformer
2026-09-28T22:05:04.617+04:00  INFO 20580 --- [book] [main] com.zaxxer.hikari.HikariDataSource       : HikariPool-1 - Starting...
2026-09-28T22:05:05.820+04:00  INFO 20580 --- [book] [main] com.zaxxer.hikari.pool.HikariPool        : HikariPool-1 - Added connection com.mysql.cj.jdbc.ConnectionImpl@2d3b0978
2026-09-28T22:05:05.826+04:00  INFO 20580 --- [book] [main] com.zaxxer.hikari.HikariDataSource       : HikariPool-1 - Start completed.
2026-09-28T22:05:06.087+04:00  INFO 20580 --- [book] [main] org.hibernate.orm.connections.pooling    : HHH10001005: Database info:
	Database JDBC URL [Connecting through datasource 'HikariDataSource (HikariPool-1)']
	Database driver: undefined/unknown
	Database version: 8.4.4
	Autocommit mode: undefined/unknown
	Isolation level: undefined/unknown
	Minimum pool size: undefined/unknown
	Maximum pool size: undefined/unknown
2026-09-28T22:05:09.687+04:00  INFO 20580 --- [book] [main] o.h.e.t.j.p.i.JtaPlatformInitiator       : HHH000489: No JTA platform available (set 'hibernate.transaction.jta.platform' to enable JTA platform integration)
2026-09-28T22:05:10.644+04:00  INFO 20580 --- [book] [main] j.LocalContainerEntityManagerFactoryBean : Initialized JPA EntityManagerFactory for persistence unit 'default'
2026-09-28T22:05:11.783+04:00  INFO 20580 --- [book] [main] o.s.d.j.r.query.QueryEnhancerFactory     : Hibernate is in classpath; If applicable, HQL parser will be used.
2026-09-28T22:05:12.496+04:00  WARN 20580 --- [book] [main] JpaBaseConfiguration$JpaWebConfiguration : spring.jpa.open-in-view is enabled by default. Therefore, database queries may be performed during view rendering. Explicitly configure spring.jpa.open-in-view to disable this warning
2026-09-28T22:05:12.665+04:00  INFO 20580 --- [book] [main] r$InitializeUserDetailsManagerConfigurer : Global AuthenticationManager configured with UserDetailsService bean with name userService
2026-09-28T22:05:15.051+04:00  INFO 20580 --- [book] [main] o.s.b.w.embedded.tomcat.TomcatWebServer  : Tomcat started on port 8080 (http) with context path '/'
2026-09-28T22:05:15.070+04:00  INFO 20580 --- [book] [main] com.library.book.BookApplication         : Started BookApplication in 18.276 seconds (process running for 19.346)
2026-09-28T22:05:24.350+04:00  INFO 20580 --- [book] [http-nio-8080-exec-2] o.a.c.c.C.[Tomcat].[localhost].[/]       : Initializing Spring DispatcherServlet 'dispatcherServlet'
2026-09-28T22:05:24.352+04:00  INFO 20580 --- [book] [http-nio-8080-exec-2] o.s.web.servlet.DispatcherServlet        : Initializing Servlet 'dispatcherServlet'
2026-09-28T22:05:24.357+04:00  INFO 20580 --- [book] [http-nio-8080-exec-2] o.s.web.servlet.DispatcherServlet        : Completed initialization in 3 ms
2026-09-28T22:05:27.393+04:00  INFO 20580 --- [book] [http-nio-8080-exec-2] o.springdoc.api.AbstractOpenApiResource  : Init duration for springdoc-openapi is: 1321 ms
2026-09-28T22:06:49.519+04:00  WARN 20580 --- [book] [http-nio-8080-exec-2] .w.s.m.s.DefaultHandlerExceptionResolver : Resolved [org.springframework.http.converter.HttpMessageNotReadableException: JSON parse error: Illegal unquoted character ((CTRL-CHAR, code 10)): has to be escaped using backslash to be included in string value]
2026-09-28T22:07:45.754+04:00  INFO 20580 --- [book] [SpringApplicationShutdownHook] o.s.b.w.e.tomcat.GracefulShutdown        : Commencing graceful shutdown. Waiting for active requests to complete
2026-09-28T22:07:45.787+04:00  INFO 20580 --- [book] [tomcat-shutdown] o.s.b.w.e.tomcat.GracefulShutdown        : Graceful shutdown complete
2026-09-28T22:07:45.798+04:00  INFO 20580 --- [book] [SpringApplicationShutdownHook] j.LocalContainerEntityManagerFactoryBean : Closing JPA EntityManagerFactory for persistence unit 'default'
2026-09-28T22:07:45.805+04:00  INFO 20580 --- [book] [SpringApplicationShutdownHook] com.zaxxer.hikari.HikariDataSource       : HikariPool-1 - Shutdown initiated...
2026-09-28T22:07:45.836+04:00  INFO 20580 --- [book] [SpringApplicationShutdownHook] com.zaxxer.hikari.HikariDataSource       : HikariPool-1 - Shutdown completed.
2026-09-28T22:07:54.055+04:00  INFO 3328 --- [book] [main] com.library.book.BookApplication         : Starting BookApplication using Java 23.0.1 with PID 3328 (C:\Users\Emrah\Desktop\Java kids\javakids4\spring\bookLibrary\bookJava4\target\classes started by Emrah in C:\Users\Emrah\Desktop\Java kids\javakids4\spring\bookLibrary\bookJava4)
2026-09-28T22:07:54.069+04:00  INFO 3328 --- [book] [main] com.library.book.BookApplication         : The following 1 profile is active: "development"
2026-09-28T22:07:58.973+04:00  INFO 3328 --- [book] [main] .s.d.r.c.RepositoryConfigurationDelegate : Bootstrapping Spring Data JPA repositories in DEFAULT mode.
2026-09-28T22:07:59.353+04:00  INFO 3328 --- [book] [main] .s.d.r.c.RepositoryConfigurationDelegate : Finished Spring Data repository scanning in 341 ms. Found 4 JPA repository interfaces.
2026-09-28T22:08:03.492+04:00  INFO 3328 --- [book] [main] o.s.b.w.embedded.tomcat.TomcatWebServer  : Tomcat initialized with port 8080 (http)
2026-09-28T22:08:03.553+04:00  INFO 3328 --- [book] [main] o.apache.catalina.core.StandardService   : Starting service [Tomcat]
2026-09-28T22:08:03.554+04:00  INFO 3328 --- [book] [main] o.apache.catalina.core.StandardEngine    : Starting Servlet engine: [Apache Tomcat/10.1.43]
2026-09-28T22:08:03.909+04:00  INFO 3328 --- [book] [main] o.a.c.c.C.[Tomcat].[localhost].[/]       : Initializing Spring embedded WebApplicationContext
2026-09-28T22:08:03.910+04:00  INFO 3328 --- [book] [main] w.s.c.ServletWebServerApplicationContext : Root WebApplicationContext: initialization completed in 9470 ms
2026-09-28T22:08:04.841+04:00  INFO 3328 --- [book] [main] o.hibernate.jpa.internal.util.LogHelper  : HHH000204: Processing PersistenceUnitInfo [name: default]
2026-09-28T22:08:05.322+04:00  INFO 3328 --- [book] [main] org.hibernate.Version                    : HHH000412: Hibernate ORM core version 6.6.22.Final
2026-09-28T22:08:05.488+04:00  INFO 3328 --- [book] [main] o.h.c.internal.RegionFactoryInitiator    : HHH000026: Second-level cache disabled
2026-09-28T22:08:06.891+04:00  INFO 3328 --- [book] [main] o.s.o.j.p.SpringPersistenceUnitInfo      : No LoadTimeWeaver setup: ignoring JPA class transformer
2026-09-28T22:08:06.994+04:00  INFO 3328 --- [book] [main] com.zaxxer.hikari.HikariDataSource       : HikariPool-1 - Starting...
2026-09-28T22:08:07.596+04:00  INFO 3328 --- [book] [main] com.zaxxer.hikari.pool.HikariPool        : HikariPool-1 - Added connection conn0: url=jdbc:h2:mem:DB user=ROOT
2026-09-28T22:08:07.599+04:00  INFO 3328 --- [book] [main] com.zaxxer.hikari.HikariDataSource       : HikariPool-1 - Start completed.
2026-09-28T22:08:07.725+04:00  INFO 3328 --- [book] [main] org.hibernate.orm.connections.pooling    : HHH10001005: Database info:
	Database JDBC URL [Connecting through datasource 'HikariDataSource (HikariPool-1)']
	Database driver: undefined/unknown
	Database version: 2.3.232
	Autocommit mode: undefined/unknown
	Isolation level: undefined/unknown
	Minimum pool size: undefined/unknown
	Maximum pool size: undefined/unknown
2026-09-28T22:08:10.086+04:00  INFO 3328 --- [book] [main] o.h.e.t.j.p.i.JtaPlatformInitiator       : HHH000489: No JTA platform available (set 'hibernate.transaction.jta.platform' to enable JTA platform integration)
2026-09-28T22:08:10.556+04:00  INFO 3328 --- [book] [main] j.LocalContainerEntityManagerFactoryBean : Initialized JPA EntityManagerFactory for persistence unit 'default'
2026-09-28T22:08:13.055+04:00  INFO 3328 --- [book] [main] o.s.d.j.r.query.QueryEnhancerFactory     : Hibernate is in classpath; If applicable, HQL parser will be used.
2026-09-28T22:08:14.432+04:00  WARN 3328 --- [book] [main] JpaBaseConfiguration$JpaWebConfiguration : spring.jpa.open-in-view is enabled by default. Therefore, database queries may be performed during view rendering. Explicitly configure spring.jpa.open-in-view to disable this warning
2026-09-28T22:08:14.669+04:00  INFO 3328 --- [book] [main] r$InitializeUserDetailsManagerConfigurer : Global AuthenticationManager configured with UserDetailsService bean with name userService
2026-09-28T22:08:17.456+04:00  INFO 3328 --- [book] [main] o.s.b.a.h2.H2ConsoleAutoConfiguration    : H2 console available at '/h2-console'. Database available at 'jdbc:h2:mem:DB'
2026-09-28T22:08:17.730+04:00  INFO 3328 --- [book] [main] o.s.b.w.embedded.tomcat.TomcatWebServer  : Tomcat started on port 8080 (http) with context path '/'
2026-09-28T22:08:17.752+04:00  INFO 3328 --- [book] [main] com.library.book.BookApplication         : Started BookApplication in 25.785 seconds (process running for 28.723)
2026-09-28T22:08:36.161+04:00  INFO 3328 --- [book] [http-nio-8080-exec-1] o.a.c.c.C.[Tomcat].[localhost].[/]       : Initializing Spring DispatcherServlet 'dispatcherServlet'
2026-09-28T22:08:36.162+04:00  INFO 3328 --- [book] [http-nio-8080-exec-1] o.s.web.servlet.DispatcherServlet        : Initializing Servlet 'dispatcherServlet'
2026-09-28T22:08:36.166+04:00  INFO 3328 --- [book] [http-nio-8080-exec-1] o.s.web.servlet.DispatcherServlet        : Completed initialization in 2 ms
2026-09-28T22:08:47.316+04:00  INFO 3328 --- [book] [http-nio-8080-exec-5] o.springdoc.api.AbstractOpenApiResource  : Init duration for springdoc-openapi is: 1335 ms
2026-09-28T22:10:51.082+04:00  INFO 3328 --- [book] [SpringApplicationShutdownHook] o.s.b.w.e.tomcat.GracefulShutdown        : Commencing graceful shutdown. Waiting for active requests to complete
2026-09-28T22:10:51.104+04:00  INFO 3328 --- [book] [tomcat-shutdown] o.s.b.w.e.tomcat.GracefulShutdown        : Graceful shutdown complete
2026-09-28T22:10:51.110+04:00  INFO 3328 --- [book] [SpringApplicationShutdownHook] j.LocalContainerEntityManagerFactoryBean : Closing JPA EntityManagerFactory for persistence unit 'default'
2026-09-28T22:10:51.111+04:00  INFO 3328 --- [book] [SpringApplicationShutdownHook] com.zaxxer.hikari.HikariDataSource       : HikariPool-1 - Shutdown initiated...
2026-09-28T22:10:51.115+04:00  INFO 3328 --- [book] [SpringApplicationShutdownHook] com.zaxxer.hikari.HikariDataSource       : HikariPool-1 - Shutdown completed.
2026-09-28T22:10:58.004+04:00  INFO 15116 --- [book] [main] com.library.book.BookApplication         : Starting BookApplication using Java 23.0.1 with PID 15116 (C:\Users\Emrah\Desktop\Java kids\javakids4\spring\bookLibrary\bookJava4\target\classes started by Emrah in C:\Users\Emrah\Desktop\Java kids\javakids4\spring\bookLibrary\bookJava4)
2026-09-28T22:10:58.014+04:00  INFO 15116 --- [book] [main] com.library.book.BookApplication         : The following 1 profile is active: "development"
2026-09-28T22:11:02.305+04:00  INFO 15116 --- [book] [main] .s.d.r.c.RepositoryConfigurationDelegate : Bootstrapping Spring Data JPA repositories in DEFAULT mode.
2026-09-28T22:11:02.566+04:00  INFO 15116 --- [book] [main] .s.d.r.c.RepositoryConfigurationDelegate : Finished Spring Data repository scanning in 218 ms. Found 4 JPA repository interfaces.
2026-09-28T22:11:04.936+04:00  INFO 15116 --- [book] [main] o.s.b.w.embedded.tomcat.TomcatWebServer  : Tomcat initialized with port 8080 (http)
2026-09-28T22:11:05.019+04:00  INFO 15116 --- [book] [main] o.apache.catalina.core.StandardService   : Starting service [Tomcat]
2026-09-28T22:11:05.020+04:00  INFO 15116 --- [book] [main] o.apache.catalina.core.StandardEngine    : Starting Servlet engine: [Apache Tomcat/10.1.43]
2026-09-28T22:11:05.265+04:00  INFO 15116 --- [book] [main] o.a.c.c.C.[Tomcat].[localhost].[/]       : Initializing Spring embedded WebApplicationContext
2026-09-28T22:11:05.266+04:00  INFO 15116 --- [book] [main] w.s.c.ServletWebServerApplicationContext : Root WebApplicationContext: initialization completed in 7041 ms
2026-09-28T22:11:05.787+04:00  INFO 15116 --- [book] [main] o.hibernate.jpa.internal.util.LogHelper  : HHH000204: Processing PersistenceUnitInfo [name: default]
2026-09-28T22:11:05.966+04:00  INFO 15116 --- [book] [main] org.hibernate.Version                    : HHH000412: Hibernate ORM core version 6.6.22.Final
2026-09-28T22:11:06.104+04:00  INFO 15116 --- [book] [main] o.h.c.internal.RegionFactoryInitiator    : HHH000026: Second-level cache disabled
2026-09-28T22:11:07.198+04:00  INFO 15116 --- [book] [main] o.s.o.j.p.SpringPersistenceUnitInfo      : No LoadTimeWeaver setup: ignoring JPA class transformer
2026-09-28T22:11:07.298+04:00  INFO 15116 --- [book] [main] com.zaxxer.hikari.HikariDataSource       : HikariPool-1 - Starting...
2026-09-28T22:11:08.020+04:00  INFO 15116 --- [book] [main] com.zaxxer.hikari.pool.HikariPool        : HikariPool-1 - Added connection conn0: url=jdbc:h2:mem:DB user=ROOT
2026-09-28T22:11:08.026+04:00  INFO 15116 --- [book] [main] com.zaxxer.hikari.HikariDataSource       : HikariPool-1 - Start completed.
2026-09-28T22:11:08.240+04:00  INFO 15116 --- [book] [main] org.hibernate.orm.connections.pooling    : HHH10001005: Database info:
	Database JDBC URL [Connecting through datasource 'HikariDataSource (HikariPool-1)']
	Database driver: undefined/unknown
	Database version: 2.3.232
	Autocommit mode: undefined/unknown
	Isolation level: undefined/unknown
	Minimum pool size: undefined/unknown
	Maximum pool size: undefined/unknown
2026-09-28T22:11:11.201+04:00  INFO 15116 --- [book] [main] o.h.e.t.j.p.i.JtaPlatformInitiator       : HHH000489: No JTA platform available (set 'hibernate.transaction.jta.platform' to enable JTA platform integration)
2026-09-28T22:11:11.372+04:00  INFO 15116 --- [book] [main] j.LocalContainerEntityManagerFactoryBean : Initialized JPA EntityManagerFactory for persistence unit 'default'
2026-09-28T22:11:12.434+04:00  INFO 15116 --- [book] [main] o.s.d.j.r.query.QueryEnhancerFactory     : Hibernate is in classpath; If applicable, HQL parser will be used.
2026-09-28T22:11:13.056+04:00  WARN 15116 --- [book] [main] JpaBaseConfiguration$JpaWebConfiguration : spring.jpa.open-in-view is enabled by default. Therefore, database queries may be performed during view rendering. Explicitly configure spring.jpa.open-in-view to disable this warning
2026-09-28T22:11:13.193+04:00  INFO 15116 --- [book] [main] r$InitializeUserDetailsManagerConfigurer : Global AuthenticationManager configured with UserDetailsService bean with name userService
2026-09-28T22:11:14.996+04:00  INFO 15116 --- [book] [main] o.s.b.a.h2.H2ConsoleAutoConfiguration    : H2 console available at '/h2-console'. Database available at 'jdbc:h2:mem:DB'
2026-09-28T22:11:15.246+04:00  INFO 15116 --- [book] [main] o.s.b.w.embedded.tomcat.TomcatWebServer  : Tomcat started on port 8080 (http) with context path '/'
2026-09-28T22:11:15.265+04:00  INFO 15116 --- [book] [main] com.library.book.BookApplication         : Started BookApplication in 18.466 seconds (process running for 19.47)
2026-09-28T22:11:24.992+04:00  INFO 15116 --- [book] [http-nio-8080-exec-2] o.a.c.c.C.[Tomcat].[localhost].[/]       : Initializing Spring DispatcherServlet 'dispatcherServlet'
2026-09-28T22:11:24.994+04:00  INFO 15116 --- [book] [http-nio-8080-exec-2] o.s.web.servlet.DispatcherServlet        : Initializing Servlet 'dispatcherServlet'
2026-09-28T22:11:24.997+04:00  INFO 15116 --- [book] [http-nio-8080-exec-2] o.s.web.servlet.DispatcherServlet        : Completed initialization in 2 ms
2026-09-28T22:11:26.710+04:00  INFO 15116 --- [book] [http-nio-8080-exec-1] o.springdoc.api.AbstractOpenApiResource  : Init duration for springdoc-openapi is: 1154 ms
2026-09-28T22:11:53.986+04:00  WARN 15116 --- [book] [http-nio-8080-exec-7] .w.s.m.s.DefaultHandlerExceptionResolver : Resolved [org.springframework.web.bind.MissingServletRequestParameterException: Required request parameter 'request' for method parameter type BookFilterRequestDTO is not present]
2026-09-28T22:11:57.549+04:00  WARN 15116 --- [book] [http-nio-8080-exec-8] .w.s.m.s.DefaultHandlerExceptionResolver : Resolved [org.springframework.web.bind.MissingServletRequestParameterException: Required request parameter 'request' for method parameter type BookFilterRequestDTO is not present]
2026-09-28T22:12:04.456+04:00  WARN 15116 --- [book] [http-nio-8080-exec-9] .w.s.m.s.DefaultHandlerExceptionResolver : Resolved [org.springframework.web.bind.MissingServletRequestParameterException: Required request parameter 'request' for method parameter type BookFilterRequestDTO is not present]
2026-09-28T22:12:21.769+04:00  WARN 15116 --- [book] [http-nio-8080-exec-10] .w.s.m.s.DefaultHandlerExceptionResolver : Resolved [org.springframework.web.bind.MissingServletRequestParameterException: Required request parameter 'request' for method parameter type BookFilterRequestDTO is not present]
2026-09-28T22:12:26.220+04:00  WARN 15116 --- [book] [http-nio-8080-exec-3] .w.s.m.s.DefaultHandlerExceptionResolver : Resolved [org.springframework.web.bind.MissingServletRequestParameterException: Required request parameter 'request' for method parameter type BookFilterRequestDTO is not present]
2026-09-28T22:12:40.114+04:00  INFO 15116 --- [book] [SpringApplicationShutdownHook] o.s.b.w.e.tomcat.GracefulShutdown        : Commencing graceful shutdown. Waiting for active requests to complete
2026-09-28T22:12:40.138+04:00  INFO 15116 --- [book] [tomcat-shutdown] o.s.b.w.e.tomcat.GracefulShutdown        : Graceful shutdown complete
2026-09-28T22:12:40.148+04:00  INFO 15116 --- [book] [SpringApplicationShutdownHook] j.LocalContainerEntityManagerFactoryBean : Closing JPA EntityManagerFactory for persistence unit 'default'
2026-09-28T22:12:40.154+04:00  INFO 15116 --- [book] [SpringApplicationShutdownHook] com.zaxxer.hikari.HikariDataSource       : HikariPool-1 - Shutdown initiated...
2026-09-28T22:12:40.160+04:00  INFO 15116 --- [book] [SpringApplicationShutdownHook] com.zaxxer.hikari.HikariDataSource       : HikariPool-1 - Shutdown completed.
2026-09-28T22:12:48.036+04:00  INFO 2908 --- [book] [main] com.library.book.BookApplication         : Starting BookApplication using Java 23.0.1 with PID 2908 (C:\Users\Emrah\Desktop\Java kids\javakids4\spring\bookLibrary\bookJava4\target\classes started by Emrah in C:\Users\Emrah\Desktop\Java kids\javakids4\spring\bookLibrary\bookJava4)
2026-09-28T22:12:48.040+04:00  INFO 2908 --- [book] [main] com.library.book.BookApplication         : The following 1 profile is active: "development"
2026-09-28T22:12:50.938+04:00  INFO 2908 --- [book] [main] .s.d.r.c.RepositoryConfigurationDelegate : Bootstrapping Spring Data JPA repositories in DEFAULT mode.
2026-09-28T22:12:51.170+04:00  INFO 2908 --- [book] [main] .s.d.r.c.RepositoryConfigurationDelegate : Finished Spring Data repository scanning in 196 ms. Found 4 JPA repository interfaces.
2026-09-28T22:12:53.336+04:00  INFO 2908 --- [book] [main] o.s.b.w.embedded.tomcat.TomcatWebServer  : Tomcat initialized with port 8080 (http)
2026-09-28T22:12:53.392+04:00  INFO 2908 --- [book] [main] o.apache.catalina.core.StandardService   : Starting service [Tomcat]
2026-09-28T22:12:53.393+04:00  INFO 2908 --- [book] [main] o.apache.catalina.core.StandardEngine    : Starting Servlet engine: [Apache Tomcat/10.1.43]
2026-09-28T22:12:53.547+04:00  INFO 2908 --- [book] [main] o.a.c.c.C.[Tomcat].[localhost].[/]       : Initializing Spring embedded WebApplicationContext
2026-09-28T22:12:53.548+04:00  INFO 2908 --- [book] [main] w.s.c.ServletWebServerApplicationContext : Root WebApplicationContext: initialization completed in 5355 ms
2026-09-28T22:12:54.131+04:00  INFO 2908 --- [book] [main] o.hibernate.jpa.internal.util.LogHelper  : HHH000204: Processing PersistenceUnitInfo [name: default]
2026-09-28T22:12:54.309+04:00  INFO 2908 --- [book] [main] org.hibernate.Version                    : HHH000412: Hibernate ORM core version 6.6.22.Final
2026-09-28T22:12:54.423+04:00  INFO 2908 --- [book] [main] o.h.c.internal.RegionFactoryInitiator    : HHH000026: Second-level cache disabled
2026-09-28T22:12:55.262+04:00  INFO 2908 --- [book] [main] o.s.o.j.p.SpringPersistenceUnitInfo      : No LoadTimeWeaver setup: ignoring JPA class transformer
2026-09-28T22:12:55.355+04:00  INFO 2908 --- [book] [main] com.zaxxer.hikari.HikariDataSource       : HikariPool-1 - Starting...
2026-09-28T22:12:55.815+04:00  INFO 2908 --- [book] [main] com.zaxxer.hikari.pool.HikariPool        : HikariPool-1 - Added connection conn0: url=jdbc:h2:mem:DB user=ROOT
2026-09-28T22:12:55.835+04:00  INFO 2908 --- [book] [main] com.zaxxer.hikari.HikariDataSource       : HikariPool-1 - Start completed.
2026-09-28T22:12:56.047+04:00  INFO 2908 --- [book] [main] org.hibernate.orm.connections.pooling    : HHH10001005: Database info:
	Database JDBC URL [Connecting through datasource 'HikariDataSource (HikariPool-1)']
	Database driver: undefined/unknown
	Database version: 2.3.232
	Autocommit mode: undefined/unknown
	Isolation level: undefined/unknown
	Minimum pool size: undefined/unknown
	Maximum pool size: undefined/unknown
2026-09-28T22:12:57.830+04:00  INFO 2908 --- [book] [main] o.h.e.t.j.p.i.JtaPlatformInitiator       : HHH000489: No JTA platform available (set 'hibernate.transaction.jta.platform' to enable JTA platform integration)
2026-09-28T22:12:57.964+04:00  INFO 2908 --- [book] [main] j.LocalContainerEntityManagerFactoryBean : Initialized JPA EntityManagerFactory for persistence unit 'default'
2026-09-28T22:12:59.346+04:00  INFO 2908 --- [book] [main] o.s.d.j.r.query.QueryEnhancerFactory     : Hibernate is in classpath; If applicable, HQL parser will be used.
2026-09-28T22:12:59.896+04:00  WARN 2908 --- [book] [main] JpaBaseConfiguration$JpaWebConfiguration : spring.jpa.open-in-view is enabled by default. Therefore, database queries may be performed during view rendering. Explicitly configure spring.jpa.open-in-view to disable this warning
2026-09-28T22:13:00.011+04:00  INFO 2908 --- [book] [main] r$InitializeUserDetailsManagerConfigurer : Global AuthenticationManager configured with UserDetailsService bean with name userService
2026-09-28T22:13:01.486+04:00  INFO 2908 --- [book] [main] o.s.b.a.h2.H2ConsoleAutoConfiguration    : H2 console available at '/h2-console'. Database available at 'jdbc:h2:mem:DB'
2026-09-28T22:13:01.681+04:00  INFO 2908 --- [book] [main] o.s.b.w.embedded.tomcat.TomcatWebServer  : Tomcat started on port 8080 (http) with context path '/'
2026-09-28T22:13:01.695+04:00  INFO 2908 --- [book] [main] com.library.book.BookApplication         : Started BookApplication in 15.043 seconds (process running for 15.936)
2026-09-28T22:13:24.412+04:00  INFO 2908 --- [book] [http-nio-8080-exec-1] o.a.c.c.C.[Tomcat].[localhost].[/]       : Initializing Spring DispatcherServlet 'dispatcherServlet'
2026-09-28T22:13:24.412+04:00  INFO 2908 --- [book] [http-nio-8080-exec-1] o.s.web.servlet.DispatcherServlet        : Initializing Servlet 'dispatcherServlet'
2026-09-28T22:13:24.414+04:00  INFO 2908 --- [book] [http-nio-8080-exec-1] o.s.web.servlet.DispatcherServlet        : Completed initialization in 1 ms
2026-09-28T22:13:25.329+04:00  WARN 2908 --- [book] [http-nio-8080-exec-1] ration$PageModule$WarningLoggingModifier : Serializing PageImpl instances as-is is not supported, meaning that there is no guarantee about the stability of the resulting JSON structure!
	For a stable JSON structure, please use Spring Data's PagedModel (globally via @EnableSpringDataWebSupport(pageSerializationMode = VIA_DTO))
	or Spring HATEOAS and Spring Data's PagedResourcesAssembler as documented in https://docs.spring.io/spring-data/commons/reference/repositories/core-extensions.html#core.web.pageables.

2026-09-28T22:14:22.738+04:00  INFO 2908 --- [book] [SpringApplicationShutdownHook] o.s.b.w.e.tomcat.GracefulShutdown        : Commencing graceful shutdown. Waiting for active requests to complete
2026-09-28T22:14:22.784+04:00  INFO 2908 --- [book] [tomcat-shutdown] o.s.b.w.e.tomcat.GracefulShutdown        : Graceful shutdown complete
2026-09-28T22:14:22.790+04:00  INFO 2908 --- [book] [SpringApplicationShutdownHook] j.LocalContainerEntityManagerFactoryBean : Closing JPA EntityManagerFactory for persistence unit 'default'
2026-09-28T22:14:22.793+04:00  INFO 2908 --- [book] [SpringApplicationShutdownHook] com.zaxxer.hikari.HikariDataSource       : HikariPool-1 - Shutdown initiated...
2026-09-28T22:14:22.807+04:00  INFO 2908 --- [book] [SpringApplicationShutdownHook] com.zaxxer.hikari.HikariDataSource       : HikariPool-1 - Shutdown completed.
2026-09-28T22:14:29.865+04:00  INFO 12024 --- [book] [main] com.library.book.BookApplication         : Starting BookApplication using Java 23.0.1 with PID 12024 (C:\Users\Emrah\Desktop\Java kids\javakids4\spring\bookLibrary\bookJava4\target\classes started by Emrah in C:\Users\Emrah\Desktop\Java kids\javakids4\spring\bookLibrary\bookJava4)
2026-09-28T22:14:29.881+04:00  INFO 12024 --- [book] [main] com.library.book.BookApplication         : The following 1 profile is active: "development"
2026-09-28T22:14:33.068+04:00  INFO 12024 --- [book] [main] .s.d.r.c.RepositoryConfigurationDelegate : Bootstrapping Spring Data JPA repositories in DEFAULT mode.
2026-09-28T22:14:33.342+04:00  INFO 12024 --- [book] [main] .s.d.r.c.RepositoryConfigurationDelegate : Finished Spring Data repository scanning in 238 ms. Found 4 JPA repository interfaces.
2026-09-28T22:14:35.560+04:00  INFO 12024 --- [book] [main] o.s.b.w.embedded.tomcat.TomcatWebServer  : Tomcat initialized with port 8080 (http)
2026-09-28T22:14:35.614+04:00  INFO 12024 --- [book] [main] o.apache.catalina.core.StandardService   : Starting service [Tomcat]
2026-09-28T22:14:35.615+04:00  INFO 12024 --- [book] [main] o.apache.catalina.core.StandardEngine    : Starting Servlet engine: [Apache Tomcat/10.1.43]
2026-09-28T22:14:35.808+04:00  INFO 12024 --- [book] [main] o.a.c.c.C.[Tomcat].[localhost].[/]       : Initializing Spring embedded WebApplicationContext
2026-09-28T22:14:35.809+04:00  INFO 12024 --- [book] [main] w.s.c.ServletWebServerApplicationContext : Root WebApplicationContext: initialization completed in 5679 ms
2026-09-28T22:14:36.254+04:00  INFO 12024 --- [book] [main] o.hibernate.jpa.internal.util.LogHelper  : HHH000204: Processing PersistenceUnitInfo [name: default]
2026-09-28T22:14:36.418+04:00  INFO 12024 --- [book] [main] org.hibernate.Version                    : HHH000412: Hibernate ORM core version 6.6.22.Final
2026-09-28T22:14:36.536+04:00  INFO 12024 --- [book] [main] o.h.c.internal.RegionFactoryInitiator    : HHH000026: Second-level cache disabled
2026-09-28T22:14:37.591+04:00  INFO 12024 --- [book] [main] o.s.o.j.p.SpringPersistenceUnitInfo      : No LoadTimeWeaver setup: ignoring JPA class transformer
2026-09-28T22:14:37.662+04:00  INFO 12024 --- [book] [main] com.zaxxer.hikari.HikariDataSource       : HikariPool-1 - Starting...
2026-09-28T22:14:38.280+04:00  INFO 12024 --- [book] [main] com.zaxxer.hikari.pool.HikariPool        : HikariPool-1 - Added connection conn0: url=jdbc:h2:mem:DB user=ROOT
2026-09-28T22:14:38.284+04:00  INFO 12024 --- [book] [main] com.zaxxer.hikari.HikariDataSource       : HikariPool-1 - Start completed.
2026-09-28T22:14:38.481+04:00  INFO 12024 --- [book] [main] org.hibernate.orm.connections.pooling    : HHH10001005: Database info:
	Database JDBC URL [Connecting through datasource 'HikariDataSource (HikariPool-1)']
	Database driver: undefined/unknown
	Database version: 2.3.232
	Autocommit mode: undefined/unknown
	Isolation level: undefined/unknown
	Minimum pool size: undefined/unknown
	Maximum pool size: undefined/unknown
2026-09-28T22:14:40.780+04:00  INFO 12024 --- [book] [main] o.h.e.t.j.p.i.JtaPlatformInitiator       : HHH000489: No JTA platform available (set 'hibernate.transaction.jta.platform' to enable JTA platform integration)
2026-09-28T22:14:40.958+04:00  INFO 12024 --- [book] [main] j.LocalContainerEntityManagerFactoryBean : Initialized JPA EntityManagerFactory for persistence unit 'default'
2026-09-28T22:14:41.758+04:00  INFO 12024 --- [book] [main] o.s.d.j.r.query.QueryEnhancerFactory     : Hibernate is in classpath; If applicable, HQL parser will be used.
2026-09-28T22:14:42.563+04:00  WARN 12024 --- [book] [main] JpaBaseConfiguration$JpaWebConfiguration : spring.jpa.open-in-view is enabled by default. Therefore, database queries may be performed during view rendering. Explicitly configure spring.jpa.open-in-view to disable this warning
2026-09-28T22:14:42.816+04:00  INFO 12024 --- [book] [main] r$InitializeUserDetailsManagerConfigurer : Global AuthenticationManager configured with UserDetailsService bean with name userService
2026-09-28T22:14:44.749+04:00  INFO 12024 --- [book] [main] o.s.b.a.h2.H2ConsoleAutoConfiguration    : H2 console available at '/h2-console'. Database available at 'jdbc:h2:mem:DB'
2026-09-28T22:14:44.965+04:00  INFO 12024 --- [book] [main] o.s.b.w.embedded.tomcat.TomcatWebServer  : Tomcat started on port 8080 (http) with context path '/'
2026-09-28T22:14:44.984+04:00  INFO 12024 --- [book] [main] com.library.book.BookApplication         : Started BookApplication in 16.427 seconds (process running for 17.382)
2026-09-28T22:14:45.263+04:00  INFO 12024 --- [book] [http-nio-8080-exec-1] o.a.c.c.C.[Tomcat].[localhost].[/]       : Initializing Spring DispatcherServlet 'dispatcherServlet'
2026-09-28T22:14:45.264+04:00  INFO 12024 --- [book] [http-nio-8080-exec-1] o.s.web.servlet.DispatcherServlet        : Initializing Servlet 'dispatcherServlet'
2026-09-28T22:14:45.266+04:00  INFO 12024 --- [book] [http-nio-8080-exec-1] o.s.web.servlet.DispatcherServlet        : Completed initialization in 2 ms
2026-09-28T22:14:46.167+04:00  WARN 12024 --- [book] [http-nio-8080-exec-1] ration$PageModule$WarningLoggingModifier : Serializing PageImpl instances as-is is not supported, meaning that there is no guarantee about the stability of the resulting JSON structure!
	For a stable JSON structure, please use Spring Data's PagedModel (globally via @EnableSpringDataWebSupport(pageSerializationMode = VIA_DTO))
	or Spring HATEOAS and Spring Data's PagedResourcesAssembler as documented in https://docs.spring.io/spring-data/commons/reference/repositories/core-extensions.html#core.web.pageables.

2026-09-28T22:17:02.084+04:00  INFO 12024 --- [book] [SpringApplicationShutdownHook] o.s.b.w.e.tomcat.GracefulShutdown        : Commencing graceful shutdown. Waiting for active requests to complete
2026-09-28T22:17:02.102+04:00  INFO 12024 --- [book] [tomcat-shutdown] o.s.b.w.e.tomcat.GracefulShutdown        : Graceful shutdown complete
2026-09-28T22:17:02.113+04:00  INFO 12024 --- [book] [SpringApplicationShutdownHook] j.LocalContainerEntityManagerFactoryBean : Closing JPA EntityManagerFactory for persistence unit 'default'
2026-09-28T22:17:02.118+04:00  INFO 12024 --- [book] [SpringApplicationShutdownHook] com.zaxxer.hikari.HikariDataSource       : HikariPool-1 - Shutdown initiated...
2026-09-28T22:17:02.131+04:00  INFO 12024 --- [book] [SpringApplicationShutdownHook] com.zaxxer.hikari.HikariDataSource       : HikariPool-1 - Shutdown completed.
